AR inverterin sim E:/projects/EDA/VHDL/labs/SEm_labs/Board/concat/textWriter.vhd sub00/vhpl02 1460727349
AR interpolatorcoefficients rtl E:/projects/EDA/VHDL/labs/SEm_labs/Board/concat/textWriter.vhd sub00/vhpl14 1460727361
EN interpolatorcoefficients NULL E:/projects/EDA/VHDL/labs/SEm_labs/Board/concat/textWriter.vhd sub00/vhpl13 1460727360
EN offsettounsigned NULL E:/projects/EDA/VHDL/labs/SEm_labs/Board/concat/textWriter.vhd sub00/vhpl17 1460727364
EN sincostable NULL E:/projects/EDA/VHDL/labs/SEm_labs/Board/concat/textWriter.vhd sub00/vhpl23 1460727370
EN dff NULL E:/projects/EDA/VHDL/labs/SEm_labs/Board/concat/textWriter.vhd sub00/vhpl35 1460727382
EN blockram NULL E:/projects/EDA/VHDL/labs/SEm_labs/Board/concat/textWriter.vhd sub00/vhpl05 1460727352
AR periphspeedcontroller rtl E:/projects/EDA/VHDL/labs/SEm_labs/Board/concat/textWriter.vhd sub00/vhpl26 1460727373
AR blockram spartan3e E:/projects/EDA/VHDL/labs/SEm_labs/Board/concat/textWriter.vhd sub00/vhpl06 1460727353
EN inverterin NULL E:/projects/EDA/VHDL/labs/SEm_labs/Board/concat/textWriter.vhd sub00/vhpl01 1460727348
AR sincostable rtl E:/projects/EDA/VHDL/labs/SEm_labs/Board/concat/textWriter.vhd sub00/vhpl24 1460727371
EN periphspeedcontroller NULL E:/projects/EDA/VHDL/labs/SEm_labs/Board/concat/textWriter.vhd sub00/vhpl25 1460727372
EN fpga_textwriter NULL E:/projects/EDA/VHDL/labs/SEm_labs/Board/concat/textWriter.vhd sub00/vhpl00 1460727347
EN blockramcontrol NULL E:/projects/EDA/VHDL/labs/SEm_labs/Board/concat/textWriter.vhd sub00/vhpl07 1460727354
EN interpolatorshiftregister NULL E:/projects/EDA/VHDL/labs/SEm_labs/Board/concat/textWriter.vhd sub00/vhpl27 1460727374
AR textwriter struct E:/projects/EDA/VHDL/labs/SEm_labs/Board/concat/textWriter.vhd sub00/vhpl32 1460727379
AR beamerperiphoperator struct E:/projects/EDA/VHDL/labs/SEm_labs/Board/concat/textWriter.vhd sub00/vhpl31 1460727378
EN blockramaddresscounter NULL E:/projects/EDA/VHDL/labs/SEm_labs/Board/concat/textWriter.vhd sub00/vhpl09 1460727356
AR interpolatorcalculatepolynom rtl E:/projects/EDA/VHDL/labs/SEm_labs/Board/concat/textWriter.vhd sub00/vhpl22 1460727369
AR fpga_textwriter struct E:/projects/EDA/VHDL/labs/SEm_labs/Board/concat/textWriter.vhd sub00/vhpl37 1460727384
AR beamerperiphcontrols struct E:/projects/EDA/VHDL/labs/SEm_labs/Board/concat/textWriter.vhd sub00/vhpl11 1460727358
AR blockramcontrol rtl E:/projects/EDA/VHDL/labs/SEm_labs/Board/concat/textWriter.vhd sub00/vhpl08 1460727355
AR dac order2 E:/projects/EDA/VHDL/labs/SEm_labs/Board/concat/textWriter.vhd sub00/vhpl16 1460727363
EN interpolatortrigger NULL E:/projects/EDA/VHDL/labs/SEm_labs/Board/concat/textWriter.vhd sub00/vhpl29 1460727376
AR interpolatortrigger rtl E:/projects/EDA/VHDL/labs/SEm_labs/Board/concat/textWriter.vhd sub00/vhpl30 1460727377
AR blockramaddresscounter rtl E:/projects/EDA/VHDL/labs/SEm_labs/Board/concat/textWriter.vhd sub00/vhpl10 1460727357
EN buff NULL E:/projects/EDA/VHDL/labs/SEm_labs/Board/concat/textWriter.vhd sub00/vhpl33 1460727380
EN textwriter NULL E:/projects/EDA/VHDL/labs/SEm_labs/Board/concat/textWriter.vhd sub00/vhpl03 1460727350
EN beamerperiphoperator NULL E:/projects/EDA/VHDL/labs/SEm_labs/Board/concat/textWriter.vhd sub00/vhpl12 1460727359
AR sawtoothgen rtl E:/projects/EDA/VHDL/labs/SEm_labs/Board/concat/textWriter.vhd sub00/vhpl20 1460727367
AR offsettounsigned rtl E:/projects/EDA/VHDL/labs/SEm_labs/Board/concat/textWriter.vhd sub00/vhpl18 1460727365
EN beamerperiphcontrols NULL E:/projects/EDA/VHDL/labs/SEm_labs/Board/concat/textWriter.vhd sub00/vhpl04 1460727351
EN interpolatorcalculatepolynom NULL E:/projects/EDA/VHDL/labs/SEm_labs/Board/concat/textWriter.vhd sub00/vhpl21 1460727368
AR buff sim E:/projects/EDA/VHDL/labs/SEm_labs/Board/concat/textWriter.vhd sub00/vhpl34 1460727381
AR dff sim E:/projects/EDA/VHDL/labs/SEm_labs/Board/concat/textWriter.vhd sub00/vhpl36 1460727383
AR interpolatorshiftregister rtl E:/projects/EDA/VHDL/labs/SEm_labs/Board/concat/textWriter.vhd sub00/vhpl28 1460727375
EN dac NULL E:/projects/EDA/VHDL/labs/SEm_labs/Board/concat/textWriter.vhd sub00/vhpl15 1460727362
EN sawtoothgen NULL E:/projects/EDA/VHDL/labs/SEm_labs/Board/concat/textWriter.vhd sub00/vhpl19 1460727366
