V3 57
FL E:/projects/EDA/VHDL/labs/SEm_labs/Board/concat/textWriter.vhd 2016/04/15.15:35:35 P.58f
EN work/FPGA_textWriter 1460727347 \
      FL E:/projects/EDA/VHDL/labs/SEm_labs/Board/concat/textWriter.vhd \
      PB ieee/std_logic_1164 1364358218 PB ieee/NUMERIC_STD 1364358223
EN work/inverterIn 1460727348 \
      FL E:/projects/EDA/VHDL/labs/SEm_labs/Board/concat/textWriter.vhd \
      PB ieee/std_logic_1164 1364358218
AR work/inverterIn/sim 1460727349 \
      FL E:/projects/EDA/VHDL/labs/SEm_labs/Board/concat/textWriter.vhd \
      EN work/inverterIn 1460727348
EN work/textWriter 1460727350 \
      FL E:/projects/EDA/VHDL/labs/SEm_labs/Board/concat/textWriter.vhd \
      PB ieee/std_logic_1164 1364358218 PB ieee/NUMERIC_STD 1364358223
EN work/beamerPeriphControls 1460727351 \
      FL E:/projects/EDA/VHDL/labs/SEm_labs/Board/concat/textWriter.vhd \
      PB ieee/std_logic_1164 1364358218 PB ieee/NUMERIC_STD 1364358223
EN work/blockRAM 1460727352 \
      FL E:/projects/EDA/VHDL/labs/SEm_labs/Board/concat/textWriter.vhd \
      PB ieee/std_logic_1164 1364358218 PB ieee/NUMERIC_STD 1364358223
AR work/blockRAM/Spartan3E 1460727353 \
      FL E:/projects/EDA/VHDL/labs/SEm_labs/Board/concat/textWriter.vhd \
      EN work/blockRAM 1460727352 PB std/TEXTIO 1364358218
EN work/blockRAMControl 1460727354 \
      FL E:/projects/EDA/VHDL/labs/SEm_labs/Board/concat/textWriter.vhd \
      PB ieee/std_logic_1164 1364358218 PB ieee/NUMERIC_STD 1364358223
AR work/blockRAMControl/RTL 1460727355 \
      FL E:/projects/EDA/VHDL/labs/SEm_labs/Board/concat/textWriter.vhd \
      EN work/blockRAMControl 1460727354
EN work/blockRAMAddressCounter 1460727356 \
      FL E:/projects/EDA/VHDL/labs/SEm_labs/Board/concat/textWriter.vhd \
      PB ieee/std_logic_1164 1364358218 PB ieee/NUMERIC_STD 1364358223
AR work/blockRAMAddressCounter/RTL 1460727357 \
      FL E:/projects/EDA/VHDL/labs/SEm_labs/Board/concat/textWriter.vhd \
      EN work/blockRAMAddressCounter 1460727356
AR work/beamerPeriphControls/struct 1460727358 \
      FL E:/projects/EDA/VHDL/labs/SEm_labs/Board/concat/textWriter.vhd \
      EN work/beamerPeriphControls 1460727351 PB ieee/std_logic_1164 1364358218 \
      PB ieee/NUMERIC_STD 1364358223 CP blockRAM CP blockRAMAddressCounter \
      CP blockRAMControl
EN work/beamerPeriphOperator 1460727359 \
      FL E:/projects/EDA/VHDL/labs/SEm_labs/Board/concat/textWriter.vhd \
      PB ieee/std_logic_1164 1364358218 PB ieee/NUMERIC_STD 1364358223
EN work/interpolatorCoefficients 1460727360 \
      FL E:/projects/EDA/VHDL/labs/SEm_labs/Board/concat/textWriter.vhd \
      PB ieee/std_logic_1164 1364358218 PB ieee/NUMERIC_STD 1364358223
AR work/interpolatorCoefficients/RTL 1460727361 \
      FL E:/projects/EDA/VHDL/labs/SEm_labs/Board/concat/textWriter.vhd \
      EN work/interpolatorCoefficients 1460727360
EN work/DAC 1460727362 \
      FL E:/projects/EDA/VHDL/labs/SEm_labs/Board/concat/textWriter.vhd \
      PB ieee/std_logic_1164 1364358218 PB ieee/NUMERIC_STD 1364358223
AR work/DAC/order2 1460727363 \
      FL E:/projects/EDA/VHDL/labs/SEm_labs/Board/concat/textWriter.vhd \
      EN work/DAC 1460727362
EN work/offsetToUnsigned 1460727364 \
      FL E:/projects/EDA/VHDL/labs/SEm_labs/Board/concat/textWriter.vhd \
      PB ieee/std_logic_1164 1364358218 PB ieee/NUMERIC_STD 1364358223
AR work/offsetToUnsigned/RTL 1460727365 \
      FL E:/projects/EDA/VHDL/labs/SEm_labs/Board/concat/textWriter.vhd \
      EN work/offsetToUnsigned 1460727364
EN work/sawtoothGen 1460727366 \
      FL E:/projects/EDA/VHDL/labs/SEm_labs/Board/concat/textWriter.vhd \
      PB ieee/std_logic_1164 1364358218 PB ieee/NUMERIC_STD 1364358223
AR work/sawtoothGen/RTL 1460727367 \
      FL E:/projects/EDA/VHDL/labs/SEm_labs/Board/concat/textWriter.vhd \
      EN work/sawtoothGen 1460727366
EN work/interpolatorCalculatePolynom 1460727368 \
      FL E:/projects/EDA/VHDL/labs/SEm_labs/Board/concat/textWriter.vhd \
      PB ieee/std_logic_1164 1364358218 PB ieee/NUMERIC_STD 1364358223
AR work/interpolatorCalculatePolynom/RTL 1460727369 \
      FL E:/projects/EDA/VHDL/labs/SEm_labs/Board/concat/textWriter.vhd \
      EN work/interpolatorCalculatePolynom 1460727368
EN work/sinCosTable 1460727370 \
      FL E:/projects/EDA/VHDL/labs/SEm_labs/Board/concat/textWriter.vhd \
      PB ieee/std_logic_1164 1364358218 PB ieee/NUMERIC_STD 1364358223
AR work/sinCosTable/RTL 1460727371 \
      FL E:/projects/EDA/VHDL/labs/SEm_labs/Board/concat/textWriter.vhd \
      EN work/sinCosTable 1460727370
EN work/periphSpeedController 1460727372 \
      FL E:/projects/EDA/VHDL/labs/SEm_labs/Board/concat/textWriter.vhd \
      PB ieee/std_logic_1164 1364358218 PB ieee/NUMERIC_STD 1364358223
AR work/periphSpeedController/RTL 1460727373 \
      FL E:/projects/EDA/VHDL/labs/SEm_labs/Board/concat/textWriter.vhd \
      EN work/periphSpeedController 1460727372
EN work/interpolatorShiftRegister 1460727374 \
      FL E:/projects/EDA/VHDL/labs/SEm_labs/Board/concat/textWriter.vhd \
      PB ieee/std_logic_1164 1364358218 PB ieee/NUMERIC_STD 1364358223
AR work/interpolatorShiftRegister/RTL 1460727375 \
      FL E:/projects/EDA/VHDL/labs/SEm_labs/Board/concat/textWriter.vhd \
      EN work/interpolatorShiftRegister 1460727374
EN work/interpolatorTrigger 1460727376 \
      FL E:/projects/EDA/VHDL/labs/SEm_labs/Board/concat/textWriter.vhd \
      PB ieee/std_logic_1164 1364358218 PB ieee/NUMERIC_STD 1364358223
AR work/interpolatorTrigger/RTL 1460727377 \
      FL E:/projects/EDA/VHDL/labs/SEm_labs/Board/concat/textWriter.vhd \
      EN work/interpolatorTrigger 1460727376
AR work/beamerPeriphOperator/struct 1460727378 \
      FL E:/projects/EDA/VHDL/labs/SEm_labs/Board/concat/textWriter.vhd \
      EN work/beamerPeriphOperator 1460727359 PB ieee/std_logic_1164 1364358218 \
      PB ieee/NUMERIC_STD 1364358223 CP DAC CP interpolatorCalculatePolynom \
      CP interpolatorCoefficients CP interpolatorShiftRegister \
      CP interpolatorTrigger CP offsetToUnsigned CP periphSpeedController \
      CP sawtoothGen CP sinCosTable
AR work/textWriter/struct 1460727379 \
      FL E:/projects/EDA/VHDL/labs/SEm_labs/Board/concat/textWriter.vhd \
      EN work/textWriter 1460727350 PB ieee/std_logic_1164 1364358218 \
      PB ieee/NUMERIC_STD 1364358223 CP beamerPeriphOperator \
      CP beamerPeriphControls
EN work/buff 1460727380 \
      FL E:/projects/EDA/VHDL/labs/SEm_labs/Board/concat/textWriter.vhd \
      PB ieee/std_logic_1164 1364358218
AR work/buff/sim 1460727381 \
      FL E:/projects/EDA/VHDL/labs/SEm_labs/Board/concat/textWriter.vhd \
      EN work/buff 1460727380
EN work/DFF 1460727382 \
      FL E:/projects/EDA/VHDL/labs/SEm_labs/Board/concat/textWriter.vhd \
      PB ieee/std_logic_1164 1364358218
AR work/DFF/sim 1460727383 \
      FL E:/projects/EDA/VHDL/labs/SEm_labs/Board/concat/textWriter.vhd \
      EN work/DFF 1460727382
AR work/FPGA_textWriter/struct 1460727384 \
      FL E:/projects/EDA/VHDL/labs/SEm_labs/Board/concat/textWriter.vhd \
      EN work/FPGA_textWriter 1460727347 PB ieee/std_logic_1164 1364358218 \
      PB ieee/NUMERIC_STD 1364358223 CP DFF CP buff CP inverterIn CP textWriter
